// Jest Snapshot v1, https://goo.gl/fbAQLP

exports[`<CommentInput /> render 1`] = `
<BVLinearGradient
  colors={
    Array [
      4282147443,
      4281317757,
    ]
  }
  endPoint={
    Object {
      "x": 1,
      "y": 1,
    }
  }
  locations={
    Array [
      0,
      1,
    ]
  }
  startPoint={
    Object {
      "x": 0,
      "y": 1,
    }
  }
  style={
    Object {
      "borderRadius": 10,
      "marginVertical": 15,
      "zIndex": 1,
    }
  }
>
  <View
    style={
      Object {
        "alignSelf": "center",
        "backgroundColor": "#222f3f",
        "borderRadius": 10,
        "height": 75,
        "position": "absolute",
        "top": 2.5,
        "width": 275,
        "zIndex": 2,
      }
    }
  />
  <TextInput
    allowFontScaling={true}
    multiline={true}
    onChangeText={[MockFunction]}
    placeholder="I'd like to add a kudo because..."
    placeholderTextColor="#7f9d90"
    style={
      Object {
        "borderRadius": 10,
        "color": "#7f9d90",
        "fontSize": 16,
        "height": 80,
        "paddingHorizontal": 15,
        "paddingVertical": 3,
        "width": 280,
        "zIndex": 3,
      }
    }
    underlineColorAndroid="transparent"
  />
</BVLinearGradient>
`;
