// Jest Snapshot v1, https://goo.gl/fbAQLP

exports[`<AnimatedAvatar /> render 1`] = `"View"`;
