// Jest Snapshot v1, https://goo.gl/fbAQLP

exports[`<Header /> render 1`] = `
<BVLinearGradient
  colors={
    Array [
      4282147443,
      4281317757,
    ]
  }
  endPoint={
    Object {
      "x": 1,
      "y": 1,
    }
  }
  locations={
    Array [
      0,
      1,
    ]
  }
  startPoint={
    Object {
      "x": 0,
      "y": 1,
    }
  }
  style={
    Object {
      "height": 70,
    }
  }
>
  <View
    style={
      Object {
        "flex": 1,
        "flexDirection": "row",
        "justifyContent": "space-between",
        "paddingHorizontal": 20,
        "paddingVertical": 25,
      }
    }
  >
    <View
      style={
        Object {
          "flexDirection": "row",
        }
      }
    >
      <Text
        accessible={true}
        allowFontScaling={false}
        ellipsizeMode="tail"
        style={
          Array [
            Object {
              "color": undefined,
              "fontSize": 18,
            },
            Object {
              "color": "#ffffff",
              "paddingHorizontal": 5,
            },
            Object {
              "fontFamily": "icomoon",
              "fontStyle": "normal",
              "fontWeight": "normal",
            },
          ]
        }
      >
        
      </Text>
      <Text
        accessible={true}
        allowFontScaling={true}
        ellipsizeMode="tail"
        style={
          Object {
            "color": "#ffffff",
            "fontSize": 16,
          }
        }
      >
        15 left
      </Text>
    </View>
    <View
      style={
        Object {
          "flexDirection": "row",
        }
      }
    >
      <Text
        accessible={true}
        allowFontScaling={true}
        ellipsizeMode="tail"
        style={
          Object {
            "color": "#ffffff",
            "fontSize": 16,
          }
        }
      >
        24(54)
      </Text>
      <Text
        accessible={true}
        allowFontScaling={false}
        ellipsizeMode="tail"
        style={
          Array [
            Object {
              "color": undefined,
              "fontSize": 18,
            },
            Object {
              "color": "#ffffff",
              "paddingHorizontal": 5,
            },
            Object {
              "fontFamily": "icomoon",
              "fontStyle": "normal",
              "fontWeight": "normal",
            },
          ]
        }
      >
        
      </Text>
    </View>
  </View>
</BVLinearGradient>
`;
